etx: 44875 tasks, 472 event words, 304 workers (8 domains x 38), 470 grid instances, 43392 B of argument blocks
  in_norm    L0   rms_norm_2d          identical  (14 us)
  qkv        L0   wvsplitk_y2          identical  (26 us)
  q_norm     L0   rms_norm_3d          identical  (25 us)
  k_norm     L0   rms_norm_3d          identical  (36 us)
  rope       L0   rope_neox            identical  (23 us)
  cache      L0   reshape_and_cache    identical  (22 us)
  attn       L0   attn_mfma4_g4        identical  (29 us)
  reduce     L0   attn_reduce          identical  (22 us)
  o_proj     L0   wvsplitk_y2          identical  (22 us)
  post_norm  L0   fused_add_rms_norm   identical  (13 us)
  gate_up    L0   wvsplitk_y2          identical  (75 us)
  act        L0   silu_and_mul         identical  (17 us)
  down       L0   wvsplitk_y2          identical  (40 us)
  in_norm    L1   fused_add_rms_norm   identical  (14 us)
  qkv        L1   wvsplitk_y2          identical  (28 us)
  q_norm     L1   rms_norm_3d          identical  (17 us)
  k_norm     L1   rms_norm_3d          identical  (17 us)
  rope       L1   rope_neox            identical  (15 us)
  cache      L1   reshape_and_cache    identical  (18 us)
  attn       L1   attn_mfma4_g4        identical  (17 us)
  reduce     L1   attn_reduce          identical  (18 us)
  o_proj     L1   wvsplitk_y2          identical  (23 us)
  post_norm  L1   fused_add_rms_norm   identical  (15 us)
  gate_up    L1   wvsplitk_y2          identical  (57 us)
  act        L1   silu_and_mul         identical  (13 us)
  down       L1   wvsplitk_y2          identical  (44 us)
CHECK OK: 0 launch(es) differ
